// Jest Snapshot v1, https://goo.gl/fbAQLP

exports[`OptionsTab should renders OptionsTab 1`] = `
<EuiForm>
  <EuiFormRow
    describedByIds={Array []}
    display="row"
    fullWidth={false}
    hasChildLabel={true}
    hasEmptyLabelSpace={false}
    id="updateFiltersOnChange"
    labelType="label"
  >
    <EuiSwitch
      checked={false}
      data-test-subj="dashLinksEditorUpdateFiltersOnChangeCheckbox"
      label={
        <FormattedMessage
          defaultMessage="Update OpenSearch Dashboards filters on each change"
          id="dashLinks.editor.optionsTab.updateFilterLabel"
          values={Object {}}
        />
      }
      onChange={[Function]}
    />
  </EuiFormRow>
  <EuiFormRow
    describedByIds={Array []}
    display="row"
    fullWidth={false}
    hasChildLabel={true}
    hasEmptyLabelSpace={false}
    id="useTimeFilter"
    labelType="label"
  >
    <EuiSwitch
      checked={false}
      data-test-subj="dashLinksEditorUseTimeFilterCheckbox"
      label={
        <FormattedMessage
          defaultMessage="Use time filter"
          id="dashLinks.editor.optionsTab.useTimeFilterLabel"
          values={Object {}}
        />
      }
      onChange={[Function]}
    />
  </EuiFormRow>
  <EuiFormRow
    describedByIds={Array []}
    display="row"
    fullWidth={false}
    hasChildLabel={true}
    hasEmptyLabelSpace={false}
    id="pinFilters"
    labelType="label"
  >
    <EuiSwitch
      checked={false}
      data-test-subj="dashLinksEditorPinFiltersCheckbox"
      label={
        <FormattedMessage
          defaultMessage="Pin filters for all applications"
          id="dashLinks.editor.optionsTab.pinFiltersLabel"
          values={Object {}}
        />
      }
      onChange={[Function]}
    />
  </EuiFormRow>
</EuiForm>
`;
